C'E' + B'CE + BC' + AD' + C'D' + A'E' + A'CD
C'E' + B'CE + BC' + AD' + B'D' + A'E' + A'CD