A'B'C'E'FG'H + B'C'D'E'F'GH' + A'B'C'D'EG'
A'B'C'E'FG'H + A'B'C'D'F'GH' + A'B'C'D'EG'